[INFO] Scanning for projects...
[ERROR] [ERROR] Some problems were encountered while processing the POMs:
[WARNING] 'dependencyManagement.dependencies.dependency.(groupId:artifactId:type:classifier)' must be unique: com.vladsch.flexmark:flexmark-html2md-converter:jar -> version ${html2md.converter.version} vs ${flexmark.version} @ io.micronaut.platform:micronaut-platform:4.10.4, /Users/accountname/.m2/repository/io/micronaut/platform/micronaut-platform/4.10.4/micronaut-platform-4.10.4.pom, line 3131, column 19
[ERROR] 'dependencies.dependency.version' for io.micronaut.openapi:micronaut-openapi-ui:jar is missing. @ line 108, column 21
 @ 
[ERROR] The build could not read 1 project -> [Help 1]
[ERROR]   
[ERROR]   The project com.example:demo1:0.1 (/Users/accountname/Desktop/Projects/demo1/pom.xml) has 1 error
[ERROR]     'dependencies.dependency.version' for io.micronaut.openapi:micronaut-openapi-ui:jar is missing. @ line 108, column 21
[ERROR] 
[ERROR] To see the full stack trace of the errors, re-run Maven with the -e switch.
[ERROR] Re-run Maven using the -X switch to enable full debug logging.
[ERROR] 
[ERROR] For more information about the errors and possible solutions, please read the following articles:
[ERROR] [Help 1] http://cwiki.apache.org/confluence/display/MAVEN/ProjectBuildingException
